
  fn.   type   at.   n   l   m
    1 atomic     1   1   0   0
    2 hydro      1   1   0   0
    3 hydro      1   2   0   0
    4 hydro      1   2   0   0
    5 hydro      1   2   1  -1
    6 hydro      1   2   1   0
    7 hydro      1   2   1   1
    8 hydro      1   2   1  -1
    9 hydro      1   2   1   0
   10 hydro      1   2   1   1
   11 hydro      1   3   2  -2
   12 hydro      1   3   2  -1
   13 hydro      1   3   2   0
   14 hydro      1   3   2   1
   15 hydro      1   3   2   2
   16 atomic     2   1   0   0
   17 hydro      2   1   0   0
   18 hydro      2   2   0   0
   19 hydro      2   2   0   0
   20 hydro      2   2   1  -1
   21 hydro      2   2   1   0
   22 hydro      2   2   1   1
   23 hydro      2   2   1  -1
   24 hydro      2   2   1   0
   25 hydro      2   2   1   1
   26 hydro      2   3   2  -2
   27 hydro      2   3   2  -1
   28 hydro      2   3   2   0
   29 hydro      2   3   2   1
   30 hydro      2   3   2   2
   31 atomic     3   1   0   0
   32 hydro      3   1   0   0
   33 hydro      3   2   0   0
   34 hydro      3   2   0   0
   35 hydro      3   2   1  -1
   36 hydro      3   2   1   0
   37 hydro      3   2   1   1
   38 hydro      3   2   1  -1
   39 hydro      3   2   1   0
   40 hydro      3   2   1   1
   41 hydro      3   3   2  -2
   42 hydro      3   3   2  -1
   43 hydro      3   3   2   0
   44 hydro      3   3   2   1
   45 hydro      3   3   2   2
   46 atomic     4   1   0   0
   47 hydro      4   1   0   0
   48 hydro      4   2   0   0
   49 hydro      4   2   0   0
   50 hydro      4   2   1  -1
   51 hydro      4   2   1   0
   52 hydro      4   2   1   1
   53 hydro      4   2   1  -1
   54 hydro      4   2   1   0
   55 hydro      4   2   1   1
   56 hydro      4   3   2  -2
   57 hydro      4   3   2  -1
   58 hydro      4   3   2   0
   59 hydro      4   3   2   1
   60 hydro      4   3   2   2
   61 atomic     5   1   0   0
   62 hydro      5   3   0   0
   63 atomic     5   2   0   0
   64 hydro      5   1   0   0
   65 hydro      5   3   1  -1
   66 hydro      5   3   1   0
   67 hydro      5   3   1   1
   68 atomic     5   2   1  -1
   69 atomic     5   2   1   0
   70 atomic     5   2   1   1
   71 hydro      5   2   1  -1
   72 hydro      5   2   1   0
   73 hydro      5   2   1   1
   74 hydro      5   3   2  -2
   75 hydro      5   3   2  -1
   76 hydro      5   3   2   0
   77 hydro      5   3   2   1
   78 hydro      5   3   2   2
   79 hydro      5   3   2  -2
   80 hydro      5   3   2  -1
   81 hydro      5   3   2   0
   82 hydro      5   3   2   1
   83 hydro      5   3   2   2
   84 hydro      5   4   3  -3
   85 hydro      5   4   3  -2
   86 hydro      5   4   3  -1
   87 hydro      5   4   3   0
   88 hydro      5   4   3   1
   89 hydro      5   4   3   2
   90 hydro      5   4   3   3
   91 hydro      5   5   4  -4
   92 hydro      5   5   4  -3
   93 hydro      5   5   4  -2
   94 hydro      5   5   4  -1
   95 hydro      5   5   4   0
   96 hydro      5   5   4   1
   97 hydro      5   5   4   2
   98 hydro      5   5   4   3
   99 hydro      5   5   4   4
  100 atomic     6   1   0   0
  101 hydro      6   3   0   0
  102 atomic     6   2   0   0
  103 hydro      6   1   0   0
  104 hydro      6   3   1  -1
  105 hydro      6   3   1   0
  106 hydro      6   3   1   1
  107 atomic     6   2   1  -1
  108 atomic     6   2   1   0
  109 atomic     6   2   1   1
  110 hydro      6   2   1  -1
  111 hydro      6   2   1   0
  112 hydro      6   2   1   1
  113 hydro      6   3   2  -2
  114 hydro      6   3   2  -1
  115 hydro      6   3   2   0
  116 hydro      6   3   2   1
  117 hydro      6   3   2   2
  118 hydro      6   3   2  -2
  119 hydro      6   3   2  -1
  120 hydro      6   3   2   0
  121 hydro      6   3   2   1
  122 hydro      6   3   2   2
  123 hydro      6   4   3  -3
  124 hydro      6   4   3  -2
  125 hydro      6   4   3  -1
  126 hydro      6   4   3   0
  127 hydro      6   4   3   1
  128 hydro      6   4   3   2
  129 hydro      6   4   3   3
  130 hydro      6   5   4  -4
  131 hydro      6   5   4  -3
  132 hydro      6   5   4  -2
  133 hydro      6   5   4  -1
  134 hydro      6   5   4   0
  135 hydro      6   5   4   1
  136 hydro      6   5   4   2
  137 hydro      6   5   4   3
  138 hydro      6   5   4   4
