
  fn.   type   at.   n   l   m
    1 atomic     1   1   0   0
    2 hydro      1   2   0   0
    3 hydro      1   2   1  -1
    4 hydro      1   2   1   0
    5 hydro      1   2   1   1
    6 atomic     2   1   0   0
    7 hydro      2   2   0   0
    8 hydro      2   2   1  -1
    9 hydro      2   2   1   0
   10 hydro      2   2   1   1
   11 atomic     3   1   0   0
   12 hydro      3   2   0   0
   13 hydro      3   2   1  -1
   14 hydro      3   2   1   0
   15 hydro      3   2   1   1
   16 atomic     4   1   0   0
   17 hydro      4   2   0   0
   18 hydro      4   2   1  -1
   19 hydro      4   2   1   0
   20 hydro      4   2   1   1
   21 atomic     5   1   0   0
   22 hydro      5   3   0   0
   23 atomic     5   2   0   0
   24 atomic     5   2   1  -1
   25 atomic     5   2   1   0
   26 atomic     5   2   1   1
   27 hydro      5   2   1  -1
   28 hydro      5   2   1   0
   29 hydro      5   2   1   1
   30 hydro      5   3   2  -2
   31 hydro      5   3   2  -1
   32 hydro      5   3   2   0
   33 hydro      5   3   2   1
   34 hydro      5   3   2   2
   35 atomic     6   1   0   0
   36 hydro      6   3   0   0
   37 atomic     6   2   0   0
   38 atomic     6   2   1  -1
   39 atomic     6   2   1   0
   40 atomic     6   2   1   1
   41 hydro      6   2   1  -1
   42 hydro      6   2   1   0
   43 hydro      6   2   1   1
   44 hydro      6   3   2  -2
   45 hydro      6   3   2  -1
   46 hydro      6   3   2   0
   47 hydro      6   3   2   1
   48 hydro      6   3   2   2
