This is pdfTeX, Version 3.141592653-2.6-1.40.25 (TeX Live 2023/Debian) (preloaded format=pdflatex 2026.4.4)  20 JUL 2026 15:08
entering extended mode
 restricted \write18 enabled.
 %&-line parsing enabled.
**main.tex
(./main.tex
LaTeX2e <2023-11-01> patch level 1
L3 programming layer <2024-01-22>
(./elsarticle.cls
Document Class: elsarticle 2020/11/20, 3.3: Elsevier Ltd
(/usr/share/texlive/texmf-dist/tex/latex/l3kernel/expl3.sty
Package: expl3 2024-01-22 L3 programming layer (loader)

(/usr/share/texlive/texmf-dist/tex/latex/l3backend/l3backend-pdftex.def
File: l3backend-pdftex.def 2024-01-04 L3 backend support: PDF output (pdfTeX)
\l__color_backend_stack_int=\count187
\l__pdf_internal_box=\box51
))
(/usr/share/texlive/texmf-dist/tex/latex/l3packages/xparse/xparse.sty
Package: xparse 2023-10-10 L3 Experimental document command parser
)
(/usr/share/texlive/texmf-dist/tex/latex/etoolbox/etoolbox.sty
Package: etoolbox 2020/10/05 v2.5k e-TeX tools for LaTeX (JAW)
\etb@tempcnta=\count188
)
\@bls=\dimen140

(/usr/share/texlive/texmf-dist/tex/latex/base/article.cls
Document Class: article 2023/05/17 v1.4n Standard LaTeX document class
(/usr/share/texlive/texmf-dist/tex/latex/base/size12.clo
File: size12.clo 2023/05/17 v1.4n Standard LaTeX file (size option)
)
\c@part=\count189
\c@section=\count190
\c@subsection=\count191
\c@subsubsection=\count192
\c@paragraph=\count193
\c@subparagraph=\count194
\c@figure=\count195
\c@table=\count196
\abovecaptionskip=\skip48
\belowcaptionskip=\skip49
\bibindent=\dimen141
)
(/usr/share/texlive/texmf-dist/tex/latex/graphics/graphicx.sty
Package: graphicx 2021/09/16 v1.2d Enhanced LaTeX Graphics (DPC,SPQR)

(/usr/share/texlive/texmf-dist/tex/latex/graphics/keyval.sty
Package: keyval 2022/05/29 v1.15 key=value parser (DPC)
\KV@toks@=\toks17
)
(/usr/share/texlive/texmf-dist/tex/latex/graphics/graphics.sty
Package: graphics 2022/03/10 v1.4e Standard LaTeX Graphics (DPC,SPQR)

(/usr/share/texlive/texmf-dist/tex/latex/graphics/trig.sty
Package: trig 2021/08/11 v1.11 sin cos tan (DPC)
)
(/usr/share/texlive/texmf-dist/tex/latex/graphics-cfg/graphics.cfg
File: graphics.cfg 2016/06/04 v1.11 sample graphics configuration
)
Package graphics Info: Driver file: pdftex.def on input line 107.

(/usr/share/texlive/texmf-dist/tex/latex/graphics-def/pdftex.def
File: pdftex.def 2022/09/22 v1.2b Graphics/color driver for pdftex
))
\Gin@req@height=\dimen142
\Gin@req@width=\dimen143
)
\c@tnote=\count197
\c@fnote=\count198
\c@cnote=\count199
\c@ead=\count266
\c@author=\count267
\@eadauthor=\toks18
\c@affn=\count268
\absbox=\box52
\elsarticlehighlightsbox=\box53
\elsarticlegrabsbox=\box54
\keybox=\box55
\Columnwidth=\dimen144
\space@left=\dimen145
\els@boxa=\box56
\els@boxb=\box57
\leftMargin=\dimen146
\@enLab=\toks19
\@sep=\skip50
\@@sep=\skip51
 (./main.spl) (/usr/share/texlive/texmf-dist/tex/latex/natbib/natbib.sty
Package: natbib 2010/09/13 8.31b (PWD, AO)
\bibhang=\skip52
\bibsep=\skip53
LaTeX Info: Redefining \cite on input line 694.
\c@NAT@ctr=\count269
)
\splwrite=\write3
\openout3 = `main.spl'.

\appnamewidth=\dimen147
)
(/usr/share/texlive/texmf-dist/tex/latex/amsfonts/amssymb.sty
Package: amssymb 2013/01/14 v3.01 AMS font symbols

(/usr/share/texlive/texmf-dist/tex/latex/amsfonts/amsfonts.sty
Package: amsfonts 2013/01/14 v3.01 Basic AMSFonts support
\@emptytoks=\toks20
\symAMSa=\mathgroup4
\symAMSb=\mathgroup5
LaTeX Font Info:    Redeclaring math symbol \hbar on input line 98.
LaTeX Font Info:    Overwriting math alphabet `\mathfrak' in version `bold'
(Font)                  U/euf/m/n --> U/euf/b/n on input line 106.
))
(/usr/share/texlive/texmf-dist/tex/latex/amsmath/amsmath.sty
Package: amsmath 2023/05/13 v2.17o AMS math features
\@mathmargin=\skip54

For additional information on amsmath, use the `?' option.
(/usr/share/texlive/texmf-dist/tex/latex/amsmath/amstext.sty
Package: amstext 2021/08/26 v2.01 AMS text

(/usr/share/texlive/texmf-dist/tex/latex/amsmath/amsgen.sty
File: amsgen.sty 1999/11/30 v2.0 generic functions
\@emptytoks=\toks21
\ex@=\dimen148
))
(/usr/share/texlive/texmf-dist/tex/latex/amsmath/amsbsy.sty
Package: amsbsy 1999/11/29 v1.2d Bold Symbols
\pmbraise@=\dimen149
)
(/usr/share/texlive/texmf-dist/tex/latex/amsmath/amsopn.sty
Package: amsopn 2022/04/08 v2.04 operator names
)
\inf@bad=\count270
LaTeX Info: Redefining \frac on input line 234.
\uproot@=\count271
\leftroot@=\count272
LaTeX Info: Redefining \overline on input line 399.
LaTeX Info: Redefining \colon on input line 410.
\classnum@=\count273
\DOTSCASE@=\count274
LaTeX Info: Redefining \ldots on input line 496.
LaTeX Info: Redefining \dots on input line 499.
LaTeX Info: Redefining \cdots on input line 620.
\Mathstrutbox@=\box58
\strutbox@=\box59
LaTeX Info: Redefining \big on input line 722.
LaTeX Info: Redefining \Big on input line 723.
LaTeX Info: Redefining \bigg on input line 724.
LaTeX Info: Redefining \Bigg on input line 725.
\big@size=\dimen150
LaTeX Font Info:    Redeclaring font encoding OML on input line 743.
LaTeX Font Info:    Redeclaring font encoding OMS on input line 744.
\macc@depth=\count275
LaTeX Info: Redefining \bmod on input line 905.
LaTeX Info: Redefining \pmod on input line 910.
LaTeX Info: Redefining \smash on input line 940.
LaTeX Info: Redefining \relbar on input line 970.
LaTeX Info: Redefining \Relbar on input line 971.
\c@MaxMatrixCols=\count276
\dotsspace@=\muskip16
\c@parentequation=\count277
\dspbrk@lvl=\count278
\tag@help=\toks22
\row@=\count279
\column@=\count280
\maxfields@=\count281
\andhelp@=\toks23
\eqnshift@=\dimen151
\alignsep@=\dimen152
\tagshift@=\dimen153
\tagwidth@=\dimen154
\totwidth@=\dimen155
\lineht@=\dimen156
\@envbody=\toks24
\multlinegap=\skip55
\multlinetaggap=\skip56
\mathdisplay@stack=\toks25
LaTeX Info: Redefining \[ on input line 2953.
LaTeX Info: Redefining \] on input line 2954.
)
(/usr/share/texlive/texmf-dist/tex/latex/tools/bm.sty
Package: bm 2023/07/08 v1.2f Bold Symbol Support (DPC/FMi)
\symboldoperators=\mathgroup6
\symboldletters=\mathgroup7
\symboldsymbols=\mathgroup8
Package bm Info: No bold for \OMX/cmex/m/n, using \pmb.
Package bm Info: No bold for \U/msa/m/n, using \pmb.
Package bm Info: No bold for \U/msb/m/n, using \pmb.
LaTeX Font Info:    Redeclaring math alphabet \mathbf on input line 149.
)
(/usr/share/texlive/texmf-dist/tex/latex/float/float.sty
Package: float 2001/11/08 v1.3d Float enhancements (AL)
\c@float@type=\count282
\float@exts=\toks26
\float@box=\box60
\@float@everytoks=\toks27
\@floatcapt=\box61
)
(/usr/share/texlive/texmf-dist/tex/latex/booktabs/booktabs.sty
Package: booktabs 2020/01/12 v1.61803398 Publication quality tables
\heavyrulewidth=\dimen157
\lightrulewidth=\dimen158
\cmidrulewidth=\dimen159
\belowrulesep=\dimen160
\belowbottomsep=\dimen161
\aboverulesep=\dimen162
\abovetopsep=\dimen163
\cmidrulesep=\dimen164
\cmidrulekern=\dimen165
\defaultaddspace=\dimen166
\@cmidla=\count283
\@cmidlb=\count284
\@aboverulesep=\dimen167
\@belowrulesep=\dimen168
\@thisruleclass=\count285
\@lastruleclass=\count286
\@thisrulewidth=\dimen169
)
(/usr/share/texlive/texmf-dist/tex/latex/tools/longtable.sty
Package: longtable 2023-11-01 v4.19 Multi-page Table package (DPC)
\LTleft=\skip57
\LTright=\skip58
\LTpre=\skip59
\LTpost=\skip60
\LTchunksize=\count287
\LTcapwidth=\dimen170
\LT@head=\box62
\LT@firsthead=\box63
\LT@foot=\box64
\LT@lastfoot=\box65
\LT@gbox=\box66
\LT@cols=\count288
\LT@rows=\count289
\c@LT@tables=\count290
\c@LT@chunks=\count291
\LT@p@ftn=\toks28
)
(/usr/share/texlive/texmf-dist/tex/latex/tools/array.sty
Package: array 2023/10/16 v2.5g Tabular extension package (FMi)
\col@sep=\dimen171
\ar@mcellbox=\box67
\extrarowheight=\dimen172
\NC@list=\toks29
\extratabsurround=\skip61
\backup@length=\skip62
\ar@cellbox=\box68
)
(/usr/share/texlive/texmf-dist/tex/latex/hyperref/hyperref.sty
Package: hyperref 2024-01-20 v7.01h Hypertext links for LaTeX

(/usr/share/texlive/texmf-dist/tex/generic/iftex/iftex.sty
Package: iftex 2022/02/03 v1.0f TeX engine tests
)
(/usr/share/texlive/texmf-dist/tex/latex/kvsetkeys/kvsetkeys.sty
Package: kvsetkeys 2022-10-05 v1.19 Key value parser (HO)
)
(/usr/share/texlive/texmf-dist/tex/generic/kvdefinekeys/kvdefinekeys.sty
Package: kvdefinekeys 2019-12-19 v1.6 Define keys (HO)
)
(/usr/share/texlive/texmf-dist/tex/generic/pdfescape/pdfescape.sty
Package: pdfescape 2019/12/09 v1.15 Implements pdfTeX's escape features (HO)

(/usr/share/texlive/texmf-dist/tex/generic/ltxcmds/ltxcmds.sty
Package: ltxcmds 2023-12-04 v1.26 LaTeX kernel commands for general use (HO)
)
(/usr/share/texlive/texmf-dist/tex/generic/pdftexcmds/pdftexcmds.sty
Package: pdftexcmds 2020-06-27 v0.33 Utility functions of pdfTeX for LuaTeX (HO
)

(/usr/share/texlive/texmf-dist/tex/generic/infwarerr/infwarerr.sty
Package: infwarerr 2019/12/03 v1.5 Providing info/warning/error messages (HO)
)
Package pdftexcmds Info: \pdf@primitive is available.
Package pdftexcmds Info: \pdf@ifprimitive is available.
Package pdftexcmds Info: \pdfdraftmode found.
))
(/usr/share/texlive/texmf-dist/tex/latex/hycolor/hycolor.sty
Package: hycolor 2020-01-27 v1.10 Color options for hyperref/bookmark (HO)
)
(/usr/share/texlive/texmf-dist/tex/latex/auxhook/auxhook.sty
Package: auxhook 2019-12-17 v1.6 Hooks for auxiliary files (HO)
)
(/usr/share/texlive/texmf-dist/tex/latex/hyperref/nameref.sty
Package: nameref 2023-11-26 v2.56 Cross-referencing by name of section

(/usr/share/texlive/texmf-dist/tex/latex/refcount/refcount.sty
Package: refcount 2019/12/15 v3.6 Data extraction from label references (HO)
)
(/usr/share/texlive/texmf-dist/tex/generic/gettitlestring/gettitlestring.sty
Package: gettitlestring 2019/12/15 v1.6 Cleanup title references (HO)

(/usr/share/texlive/texmf-dist/tex/latex/kvoptions/kvoptions.sty
Package: kvoptions 2022-06-15 v3.15 Key value format for package options (HO)
))
\c@section@level=\count292
)
\@linkdim=\dimen173
\Hy@linkcounter=\count293
\Hy@pagecounter=\count294

(/usr/share/texlive/texmf-dist/tex/latex/hyperref/pd1enc.def
File: pd1enc.def 2024-01-20 v7.01h Hyperref: PDFDocEncoding definition (HO)
Now handling font encoding PD1 ...
... no UTF-8 mapping file for font encoding PD1
)
(/usr/share/texlive/texmf-dist/tex/generic/intcalc/intcalc.sty
Package: intcalc 2019/12/15 v1.3 Expandable calculations with integers (HO)
)
\Hy@SavedSpaceFactor=\count295

(/usr/share/texlive/texmf-dist/tex/latex/hyperref/puenc.def
File: puenc.def 2024-01-20 v7.01h Hyperref: PDF Unicode definition (HO)
Now handling font encoding PU ...
... no UTF-8 mapping file for font encoding PU
)
Package hyperref Info: Hyper figures OFF on input line 4179.
Package hyperref Info: Link nesting OFF on input line 4184.
Package hyperref Info: Hyper index ON on input line 4187.
Package hyperref Info: Plain pages OFF on input line 4194.
Package hyperref Info: Backreferencing OFF on input line 4199.
Package hyperref Info: Implicit mode ON; LaTeX internals redefined.
Package hyperref Info: Bookmarks ON on input line 4446.
\c@Hy@tempcnt=\count296

(/usr/share/texlive/texmf-dist/tex/latex/url/url.sty
\Urlmuskip=\muskip17
Package: url 2013/09/16  ver 3.4  Verb mode for urls, etc.
)
LaTeX Info: Redefining \url on input line 4784.
\XeTeXLinkMargin=\dimen174

(/usr/share/texlive/texmf-dist/tex/generic/bitset/bitset.sty
Package: bitset 2019/12/09 v1.3 Handle bit-vector datatype (HO)

(/usr/share/texlive/texmf-dist/tex/generic/bigintcalc/bigintcalc.sty
Package: bigintcalc 2019/12/15 v1.5 Expandable calculations on big integers (HO
)
))
\Fld@menulength=\count297
\Field@Width=\dimen175
\Fld@charsize=\dimen176
Package hyperref Info: Hyper figures OFF on input line 6063.
Package hyperref Info: Link nesting OFF on input line 6068.
Package hyperref Info: Hyper index ON on input line 6071.
Package hyperref Info: backreferencing OFF on input line 6078.
Package hyperref Info: Link coloring OFF on input line 6083.
Package hyperref Info: Link coloring with OCG OFF on input line 6088.
Package hyperref Info: PDF/A mode OFF on input line 6093.

(/usr/share/texlive/texmf-dist/tex/latex/base/atbegshi-ltx.sty
Package: atbegshi-ltx 2021/01/10 v1.0c Emulation of the original atbegshi
package with kernel methods
)
\Hy@abspage=\count298
\c@Item=\count299
\c@Hfootnote=\count300
)
Package hyperref Info: Driver (autodetected): hpdftex.

(/usr/share/texlive/texmf-dist/tex/latex/hyperref/hpdftex.def
File: hpdftex.def 2024-01-20 v7.01h Hyperref driver for pdfTeX

(/usr/share/texlive/texmf-dist/tex/latex/base/atveryend-ltx.sty
Package: atveryend-ltx 2020/08/19 v1.0a Emulation of the original atveryend pac
kage
with kernel methods
)
\Fld@listcount=\count301
\c@bookmark@seq@number=\count302

(/usr/share/texlive/texmf-dist/tex/latex/rerunfilecheck/rerunfilecheck.sty
Package: rerunfilecheck 2022-07-10 v1.10 Rerun checks for auxiliary files (HO)

(/usr/share/texlive/texmf-dist/tex/generic/uniquecounter/uniquecounter.sty
Package: uniquecounter 2019/12/15 v1.4 Provide unlimited unique counter (HO)
)
Package uniquecounter Info: New unique counter `rerunfilecheck' on input line 2
85.
)
\Hy@SectionHShift=\skip63
)
(/usr/share/texlive/texmf-dist/tex/latex/xcolor/xcolor.sty
Package: xcolor 2023/11/15 v3.01 LaTeX color extensions (UK)

(/usr/share/texlive/texmf-dist/tex/latex/graphics-cfg/color.cfg
File: color.cfg 2016/01/02 v1.6 sample color configuration
)
Package xcolor Info: Driver file: pdftex.def on input line 274.

(/usr/share/texlive/texmf-dist/tex/latex/graphics/mathcolor.ltx)
Package xcolor Info: Model `cmy' substituted by `cmy0' on input line 1350.
Package xcolor Info: Model `hsb' substituted by `rgb' on input line 1354.
Package xcolor Info: Model `RGB' extended on input line 1366.
Package xcolor Info: Model `HTML' substituted by `rgb' on input line 1368.
Package xcolor Info: Model `Hsb' substituted by `hsb' on input line 1369.
Package xcolor Info: Model `tHsb' substituted by `hsb' on input line 1370.
Package xcolor Info: Model `HSB' substituted by `hsb' on input line 1371.
Package xcolor Info: Model `Gray' substituted by `gray' on input line 1372.
Package xcolor Info: Model `wave' substituted by `hsb' on input line 1373.
)
(/usr/share/texlive/texmf-dist/tex/latex/listings/listings.sty
\lst@mode=\count303
\lst@gtempboxa=\box69
\lst@token=\toks30
\lst@length=\count304
\lst@currlwidth=\dimen177
\lst@column=\count305
\lst@pos=\count306
\lst@lostspace=\dimen178
\lst@width=\dimen179
\lst@newlines=\count307
\lst@lineno=\count308
\lst@maxwidth=\dimen180

(/usr/share/texlive/texmf-dist/tex/latex/listings/lstmisc.sty
File: lstmisc.sty 2023/02/27 1.9 (Carsten Heinz)
\c@lstnumber=\count309
\lst@skipnumbers=\count310
\lst@framebox=\box70
)
(/usr/share/texlive/texmf-dist/tex/latex/listings/listings.cfg
File: listings.cfg 2023/02/27 1.9 listings configuration
))
Package: listings 2023/02/27 1.9 (Carsten Heinz)

(/usr/share/texlive/texmf-dist/tex/latex/listings/lstlang1.sty
File: lstlang1.sty 2023/02/27 1.9 listings language file
) (./main.aux)
\openout1 = `main.aux'.

LaTeX Font Info:    Checking defaults for OML/cmm/m/it on input line 34.
LaTeX Font Info:    ... okay on input line 34.
LaTeX Font Info:    Checking defaults for OMS/cmsy/m/n on input line 34.
LaTeX Font Info:    ... okay on input line 34.
LaTeX Font Info:    Checking defaults for OT1/cmr/m/n on input line 34.
LaTeX Font Info:    ... okay on input line 34.
LaTeX Font Info:    Checking defaults for T1/cmr/m/n on input line 34.
LaTeX Font Info:    ... okay on input line 34.
LaTeX Font Info:    Checking defaults for TS1/cmr/m/n on input line 34.
LaTeX Font Info:    ... okay on input line 34.
LaTeX Font Info:    Checking defaults for OMX/cmex/m/n on input line 34.
LaTeX Font Info:    ... okay on input line 34.
LaTeX Font Info:    Checking defaults for U/cmr/m/n on input line 34.
LaTeX Font Info:    ... okay on input line 34.
LaTeX Font Info:    Checking defaults for PD1/pdf/m/n on input line 34.
LaTeX Font Info:    ... okay on input line 34.
LaTeX Font Info:    Checking defaults for PU/pdf/m/n on input line 34.
LaTeX Font Info:    ... okay on input line 34.

(/usr/share/texlive/texmf-dist/tex/context/base/mkii/supp-pdf.mkii
[Loading MPS to PDF converter (version 2006.09.02).]
\scratchcounter=\count311
\scratchdimen=\dimen181
\scratchbox=\box71
\nofMPsegments=\count312
\nofMParguments=\count313
\everyMPshowfont=\toks31
\MPscratchCnt=\count314
\MPscratchDim=\dimen182
\MPnumerator=\count315
\makeMPintoPDFobject=\count316
\everyMPtoPDFconversion=\toks32
) (/usr/share/texlive/texmf-dist/tex/latex/epstopdf-pkg/epstopdf-base.sty
Package: epstopdf-base 2020-01-24 v2.11 Base part for package epstopdf
Package epstopdf-base Info: Redefining graphics rule for `.eps' on input line 4
85.

(/usr/share/texlive/texmf-dist/tex/latex/latexconfig/epstopdf-sys.cfg
File: epstopdf-sys.cfg 2010/07/13 v1.3 Configuration of (r)epstopdf for TeX Liv
e
))
Package hyperref Info: Link coloring OFF on input line 34.

(./main.out) (./main.out)
\@outlinefile=\write4
\openout4 = `main.out'.

\c@lstlisting=\count317
LaTeX Font Info:    Trying to load font information for U+msa on input line 72.


(/usr/share/texlive/texmf-dist/tex/latex/amsfonts/umsa.fd
File: umsa.fd 2013/01/14 v3.01 AMS symbols A
)
LaTeX Font Info:    Trying to load font information for U+msb on input line 72.


(/usr/share/texlive/texmf-dist/tex/latex/amsfonts/umsb.fd
File: umsb.fd 2013/01/14 v3.01 AMS symbols B
)
Overfull \hbox (2.61108pt too wide) has occurred while \output is active
[]
 []


Package hyperref Warning: Token not allowed in a PDF string (Unicode):
(hyperref)                removing `\<def>-command' on input line 72.


Package hyperref Warning: Token not allowed in a PDF string (Unicode):
(hyperref)                removing `\cnotenum' on input line 72.


Package hyperref Warning: Token not allowed in a PDF string (Unicode):
(hyperref)                removing `\<def>-command' on input line 72.


Package hyperref Warning: Token not allowed in a PDF string (Unicode):
(hyperref)                removing `\@corref' on input line 72.

[1


{/var/lib/texmf/fonts/map/pdftex/updmap/pdftex.map}] [2]

Package natbib Warning: Citation `HoKo1964' on page 3 undefined on input line 9
4.


Package natbib Warning: Citation `KoSh1965' on page 3 undefined on input line 9
4.


Package natbib Warning: Citation `deepdive' on page 3 undefined on input line 9
4.


Package natbib Warning: Citation `malapaper' on page 3 undefined on input line
94.


Package natbib Warning: Citation `temperaturepaper' on page 3 undefined on inpu
t line 94.


Package natbib Warning: Citation `sizetransferpaper' on page 3 undefined on inp
ut line 94.


Package natbib Warning: Citation `ofdftpaper' on page 3 undefined on input line
 94.


Package natbib Warning: Citation `ghasemi2021' on page 3 undefined on input lin
e 94.


Package natbib Warning: Citation `chandrasekaran_solving_2019' on page 3 undefi
ned on input line 94.


Package natbib Warning: Citation `TsMi2020' on page 3 undefined on input line 9
4.


Package natbib Warning: Citation `Shao_2023' on page 3 undefined on input line
94.


Package natbib Warning: Citation `BrVo2017' on page 3 undefined on input line 9
4.


Package natbib Warning: Citation `KoKoBe22' on page 3 undefined on input line 9
7.


Package natbib Warning: Citation `Rackers_2023' on page 3 undefined on input li
ne 97.

[3]
Overfull \hbox (16.67633pt too wide) in paragraph at lines 100--101
\OT1/cmr/m/n/12 work tar-gets block-sparse ma-trix quan-ti-ties aris-ing in loc
alized-orbital electronic-
 []

[4]

Package natbib Warning: Citation `deeph2022' on page 5 undefined on input line
106.


Package natbib Warning: Citation `deeph_magnetic_2023' on page 5 undefined on i
nput line 106.


Package natbib Warning: Citation `deephe3_2023' on page 5 undefined on input li
ne 106.


Package natbib Warning: Citation `deeph_hybrid_2024' on page 5 undefined on inp
ut line 106.


Package natbib Warning: Citation `deeph_pw_2024' on page 5 undefined on input l
ine 106.


Package natbib Warning: Citation `deeph_review_2025' on page 5 undefined on inp
ut line 106.


Overfull \hbox (4.65157pt too wide) in paragraph at lines 106--107
[]\OT1/cmr/m/n/12 Related operator-learning ef-forts in-clude the DeepH fam-ily
 of Hamiltonian-
 []


Package natbib Warning: Citation `born_zur_1927' on page 5 undefined on input l
ine 133.

[5]

Package natbib Warning: Citation `HoKo1964' on page 6 undefined on input line 1
68.


Package natbib Warning: Citation `KoSh1965' on page 6 undefined on input line 1
69.

[6] [7] [8]

Package natbib Warning: Citation `KoKoBe22' on page 9 undefined on input line 3
52.


Package natbib Warning: Citation `Rackers_2023' on page 9 undefined on input li
ne 352.

[9] [10]
Overfull \hbox (2.69514pt too wide) in paragraph at lines 422--427
\OT1/cmr/m/n/12 trans-pose. In the code these maps are ma-te-ri-al-ized by the
\OT1/cmtt/m/n/12 BlockIrrepMapper\OT1/cmr/m/n/12 .
 []

[11]

Package natbib Warning: Citation `ozaki2003' on page 12 undefined on input line
 469.


Package natbib Warning: Citation `ozakikino2004' on page 12 undefined on input
line 469.


Package natbib Warning: Citation `blum2009' on page 12 undefined on input line
469.


Package natbib Warning: Citation `pyscf2020' on page 12 undefined on input line
 469.


Overfull \hbox (1.68994pt too wide) in paragraph at lines 464--470
\OT1/cmr/m/n/12 equiv-ari-ant stack. In the cur-rent frame-work, OpenMX, FHI-ai
ms, and PySCF
 []

[12]
Overfull \hbox (8.71252pt too wide) in paragraph at lines 529--533
[]\OT1/cmr/m/n/12 The same snapshot-level rep-re-sen-ta-tion pre-serves ac-cess
 to operator-derived
 []

<figures/fig2_data_preprocessing.png, id=237, 1255.089pt x 825.0825pt>
File: figures/fig2_data_preprocessing.png Graphic file (type png)
<use figures/fig2_data_preprocessing.png>
Package pdftex.def Info: figures/fig2_data_preprocessing.png  used on input lin
e 538.
(pdftex.def)             Requested size: 390.0pt x 256.37724pt.
[13] [14 <./figures/fig2_data_preprocessing.png (PNG copy)>] [15] [16]
<figures/fig3_model_architecture.png, id=278, 1269.3021pt x 843.15pt>
File: figures/fig3_model_architecture.png Graphic file (type png)
<use figures/fig3_model_architecture.png>
Package pdftex.def Info: figures/fig3_model_architecture.png  used on input lin
e 766.
(pdftex.def)             Requested size: 390.0pt x 259.05801pt.
 [17]
[18 <./figures/fig3_model_architecture.png (PNG copy)>]
Overfull \hbox (0.48344pt too wide) in paragraph at lines 867--871
\OT1/cmr/m/n/12 ob-serv-able eval-u-a-tion and Hamiltonian-based anal-y-ses suc
h as band-structure
 []

[19]
<figures/fig6_postprocessing_analysis.png, id=304, 1276.0473pt x 838.0911pt>
File: figures/fig6_postprocessing_analysis.png Graphic file (type png)
<use figures/fig6_postprocessing_analysis.png>
Package pdftex.def Info: figures/fig6_postprocessing_analysis.png  used on inpu
t line 874.
(pdftex.def)             Requested size: 390.0pt x 256.14812pt.
 [20 <./figures/fig6_postprocessing_analysis.png (PNG copy)>]
Overfull \hbox (0.32623pt too wide) in paragraph at lines 984--989
\OT1/cmr/m/n/12 These deriva-tives are not total-energy forces or stresses be-c
ause $[] = []([][])$
 []

[21]
<figures/fig4_observable_guidance.png, id=325, 1261.1115pt x 853.7496pt>
File: figures/fig4_observable_guidance.png Graphic file (type png)
<use figures/fig4_observable_guidance.png>
Package pdftex.def Info: figures/fig4_observable_guidance.png  used on input li
ne 996.
(pdftex.def)             Requested size: 390.0pt x 264.02132pt.
 [22]

Package natbib Warning: Citation `hyperparameterpaper' on page 23 undefined on
input line 1036.

[23 <./figures/fig4_observable_guidance.png (PNG copy)>] [24]
Overfull \hbox (82.77603pt too wide) in paragraph at lines 1086--1095
\OT1/cmr/m/n/12 tures. The base-line pre-dicts Hamil-to-nian blocks di-rectly (
\OT1/cmtt/m/n/12 hamiltonian[]envelope[]mode=off\OT1/cmr/m/n/12 ),
 []

<figures/result_envelope_real.png, id=340, 520.344pt x 346.896pt>
File: figures/result_envelope_real.png Graphic file (type png)
<use figures/result_envelope_real.png>
Package pdftex.def Info: figures/result_envelope_real.png  used on input line 1
109.
(pdftex.def)             Requested size: 319.80286pt x 213.21008pt.
[25]
<figures/result_ablations_placeholder.png, id=347, 831.105pt x 585.387pt>
File: figures/result_ablations_placeholder.png Graphic file (type png)
<use figures/result_ablations_placeholder.png>
Package pdftex.def Info: figures/result_ablations_placeholder.png  used on inpu
t line 1138.
(pdftex.def)             Requested size: 390.0pt x 274.69424pt.
 [26 <./figures/result_envelope_real.png>] [27 <./figures/result_ablations_plac
eholder.png>] [28

] [29] [30] (./appendix.tex
LaTeX Font Info:    Font shape `OT1/cmtt/bx/n' in size <12> not available
(Font)              Font shape `OT1/cmtt/m/n' tried instead on input line 20.

Underfull \hbox (badness 2173) in paragraph at lines 23--24
[]\OT1/cmr/m/n/12 Default: an ex-plicit rep-re-sen-ta-tion through $\OML/cmm/m/
it/12 l \OT1/cmr/m/n/12 = 6$:
 []


Underfull \hbox (badness 10000) in paragraph at lines 23--24
\OT1/cmtt/m/n/12 128x0e + 16x0o + 8x1e + 64x1o + 24x2e + 8x2o + 8x3e + 24x3o +
16x4e + 4x4o +
 []

[31

] [32]
Underfull \hbox (badness 1062) in paragraph at lines 65--66
[]\OT1/cmr/m/n/12 Default: \OT1/cmtt/m/n/12 1.0\OT1/cmr/m/n/12 . Post-scale ap-
plied to off-
 []

[33]
Underfull \hbox (badness 10000) in paragraph at lines 75--76
[]\OT1/cmr/m/n/12 Default: \OT1/cmtt/m/n/12 resnormact\OT1/cmr/m/n/12 . Val-ues
 mir-ror
 []


Underfull \hbox (badness 1137) in paragraph at lines 75--76
\OT1/cmtt/m/n/12 e3mlp[]variant\OT1/cmr/m/n/12 ; this over-rides the re-fine-me
nt MLPs in-side mes-
 []


Underfull \hbox (badness 1502) in paragraph at lines 83--84
[]\OT1/cmr/m/n/12 Default: \OT1/cmtt/m/n/12 0.25\OT1/cmr/m/n/12 . Ini-tial laye
r-scale or resid-ual
 []


Underfull \hbox (badness 2368) in paragraph at lines 84--85
[]\OT1/cmr/m/n/12 Default: \OT1/cmtt/m/n/12 False\OT1/cmr/m/n/12 . Whether vari
-ant blocks use pre-
 []


Underfull \hbox (badness 10000) in paragraph at lines 85--86
[]\OT1/cmr/m/n/12 Default: \OT1/cmtt/m/n/12 1e-8\OT1/cmr/m/n/12 . Nu-mer-i-cal
ep-silon for
 []

[34]
Underfull \hbox (badness 1642) in paragraph at lines 100--100
[]\OT1/cmr/m/it/12 Prediction Tar-gets, Ob-serv-able Guid-ance, and Physics-
 []

[35]
Underfull \hbox (badness 10000) in paragraph at lines 121--122
[]\OT1/cmr/m/n/12 Default: \OT1/cmtt/m/n/12 off\OT1/cmr/m/n/12 . Val-ues: \OT1/
cmtt/m/n/12 off\OT1/cmr/m/n/12 ,
 []

[36] [37]
Underfull \hbox (badness 1132) in paragraph at lines 149--150
[]\OT1/cmr/m/n/12 Default: \OT1/cmtt/m/n/12 val/hamiltonian[]mae\OT1/cmr/m/n/12
 . Logged met-ric
 []

[38] [39]
Underfull \hbox (badness 3058) in paragraph at lines 200--201
[]\OT1/cmtt/m/n/12 train[]on[]energy=True \OT1/cmr/m/n/12 with \OT1/cmtt/m/n/12
 train[]observables[]on[]gt=False \OT1/cmr/m/n/12 re-
 []


Overfull \hbox (2.87pt too wide) in paragraph at lines 201--202
[]\OT1/cmtt/m/n/12 train[]on[]num[]electrons=True \OT1/cmr/m/n/12 with \OT1/cmt
t/m/n/12 train[]observables[]on[]gt=False
 []


Underfull \hbox (badness 2269) in paragraph at lines 202--203
[]\OT1/cmtt/m/n/12 train[]on[]energy=True \OT1/cmr/m/n/12 or \OT1/cmtt/m/n/12 t
rain[]on[]num[]electrons=True \OT1/cmr/m/n/12 re-quires
 []


Underfull \hbox (badness 10000) in paragraph at lines 203--204
[]\OT1/cmtt/m/n/12 train[]on[]irrep[]parts=True \OT1/cmr/m/n/12 can-not be com-
bined with
 []


Underfull \hbox (badness 10000) in paragraph at lines 204--205
[]\OT1/cmtt/m/n/12 partial[]train="offdiag" \OT1/cmr/m/n/12 be-haves dif-fer-en
tly de-pend-ing on
 []

[40])
No file main.bbl.

Package natbib Warning: There were undefined citations.

[41] (./main.aux)
 ***********
LaTeX2e <2023-11-01> patch level 1
L3 programming layer <2024-01-22>
 ***********
Package rerunfilecheck Info: File `main.out' has not changed.
(rerunfilecheck)             Checksum: 21C0E67266B9C72FB0F5F894B03A3FE0;8735.
 )
Here is how much of TeX's memory you used:
 13370 strings out of 476182
 197740 string characters out of 5795596
 2068975 words of memory out of 5000000
 34994 multiletter control sequences out of 15000+600000
 574907 words of font info for 98 fonts, out of 8000000 for 9000
 14 hyphenation exceptions out of 8191
 75i,13n,79p,1675b,1310s stack positions out of 10000i,1000n,20000p,200000b,200000s
</usr/share/texlive/texmf-dist/fonts/type1/public/amsfonts/cm/cmbx10.pfb></us
r/share/texlive/texmf-dist/fonts/type1/public/amsfonts/cm/cmbx12.pfb></usr/shar
e/texlive/texmf-dist/fonts/type1/public/amsfonts/cm/cmbx8.pfb></usr/share/texli
ve/texmf-dist/fonts/type1/public/amsfonts/cm/cmex10.pfb></usr/share/texlive/tex
mf-dist/fonts/type1/public/amsfonts/cm/cmmi10.pfb></usr/share/texlive/texmf-dis
t/fonts/type1/public/amsfonts/cm/cmmi12.pfb></usr/share/texlive/texmf-dist/font
s/type1/public/amsfonts/cm/cmmi6.pfb></usr/share/texlive/texmf-dist/fonts/type1
/public/amsfonts/cm/cmmi7.pfb></usr/share/texlive/texmf-dist/fonts/type1/public
/amsfonts/cm/cmmi8.pfb></usr/share/texlive/texmf-dist/fonts/type1/public/amsfon
ts/cm/cmmib10.pfb></usr/share/texlive/texmf-dist/fonts/type1/public/amsfonts/cm
extra/cmmib8.pfb></usr/share/texlive/texmf-dist/fonts/type1/public/amsfonts/cm/
cmr10.pfb></usr/share/texlive/texmf-dist/fonts/type1/public/amsfonts/cm/cmr12.p
fb></usr/share/texlive/texmf-dist/fonts/type1/public/amsfonts/cm/cmr17.pfb></us
r/share/texlive/texmf-dist/fonts/type1/public/amsfonts/cm/cmr6.pfb></usr/share/
texlive/texmf-dist/fonts/type1/public/amsfonts/cm/cmr7.pfb></usr/share/texlive/
texmf-dist/fonts/type1/public/amsfonts/cm/cmr8.pfb></usr/share/texlive/texmf-di
st/fonts/type1/public/amsfonts/cm/cmsy10.pfb></usr/share/texlive/texmf-dist/fon
ts/type1/public/amsfonts/cm/cmsy7.pfb></usr/share/texlive/texmf-dist/fonts/type
1/public/amsfonts/cm/cmsy8.pfb></usr/share/texlive/texmf-dist/fonts/type1/publi
c/amsfonts/cm/cmti10.pfb></usr/share/texlive/texmf-dist/fonts/type1/public/amsf
onts/cm/cmti12.pfb></usr/share/texlive/texmf-dist/fonts/type1/public/amsfonts/c
m/cmti7.pfb></usr/share/texlive/texmf-dist/fonts/type1/public/amsfonts/cm/cmtt1
0.pfb></usr/share/texlive/texmf-dist/fonts/type1/public/amsfonts/cm/cmtt12.pfb>
</usr/share/texlive/texmf-dist/fonts/type1/public/amsfonts/symbols/msbm10.pfb>
Output written on main.pdf (41 pages, 9084099 bytes).
PDF statistics:
 621 PDF objects out of 1000 (max. 8388607)
 512 compressed objects within 6 object streams
 200 named destinations out of 1000 (max. 500000)
 271 words of extra memory for PDF output out of 10000 (max. 10000000)
